// Jest Snapshot v1, https://goo.gl/fbAQLP

exports[`Checkbox component Should Exists 1`] = `[Function]`;

exports[`Checkbox component Should have checkbox classname 1`] = `
<label
  className="checkbox"
  disabled={false}
  style={Object {}}
>
  <input
    checked={false}
    disabled={false}
    name={null}
    type="checkbox"
    value=""
  />
  Text
</label>
`;
