// Jest Snapshot v1, https://goo.gl/fbAQLP

exports[`Element component should accept a react Element as renderAs prop 1`] = `
<DocumentFragment>
  <p>
    CustomThis should be a p element
  </p>
</DocumentFragment>
`;

exports[`Element component should render 1`] = `
<DocumentFragment>
  <div
    class="is-pulled-left has-text-white"
  >
    Facebook
  </div>
</DocumentFragment>
`;
