// Jest Snapshot v1, https://goo.gl/fbAQLP

exports[`Panel component Should Exist 1`] = `
Object {
  "$$typeof": Symbol(react.forward_ref),
  "Block": Object {
    "$$typeof": Symbol(react.forward_ref),
    "defaultProps": Object {
      "active": false,
      "backgroundColor": null,
      "className": "",
      "clearfix": false,
      "clipped": false,
      "hidden": false,
      "invisible": false,
      "italic": false,
      "marginless": false,
      "overlay": false,
      "paddingless": false,
      "pull": null,
      "radiusless": false,
      "renderAs": "div",
      "responsive": undefined,
      "shadowless": false,
      "textAlignment": null,
      "textColor": null,
      "textSize": null,
      "textTransform": null,
      "textWeight": null,
      "unselectable": false,
    },
    "propTypes": Object {
      "active": [Function],
      "backgroundColor": [Function],
      "className": [Function],
      "clearfix": [Function],
      "clipped": [Function],
      "hidden": [Function],
      "invisible": [Function],
      "italic": [Function],
      "marginless": [Function],
      "overlay": [Function],
      "paddingless": [Function],
      "pull": [Function],
      "radiusless": [Function],
      "renderAs": [Function],
      "responsive": [Function],
      "shadowless": [Function],
      "textAlignment": [Function],
      "textColor": [Function],
      "textSize": [Function],
      "textTransform": [Function],
      "textWeight": [Function],
      "unselectable": [Function],
    },
    "render": [Function],
  },
  "Header": Object {
    "$$typeof": Symbol(react.forward_ref),
    "defaultProps": Object {
      "backgroundColor": null,
      "className": "",
      "clearfix": false,
      "clipped": false,
      "hidden": false,
      "invisible": false,
      "italic": false,
      "marginless": false,
      "overlay": false,
      "paddingless": false,
      "pull": null,
      "radiusless": false,
      "renderAs": "div",
      "responsive": undefined,
      "shadowless": false,
      "textAlignment": null,
      "textColor": null,
      "textSize": null,
      "textTransform": null,
      "textWeight": null,
      "unselectable": false,
    },
    "propTypes": Object {
      "backgroundColor": [Function],
      "className": [Function],
      "clearfix": [Function],
      "clipped": [Function],
      "hidden": [Function],
      "invisible": [Function],
      "italic": [Function],
      "marginless": [Function],
      "overlay": [Function],
      "paddingless": [Function],
      "pull": [Function],
      "radiusless": [Function],
      "renderAs": [Function],
      "responsive": [Function],
      "shadowless": [Function],
      "textAlignment": [Function],
      "textColor": [Function],
      "textSize": [Function],
      "textTransform": [Function],
      "textWeight": [Function],
      "unselectable": [Function],
    },
    "render": [Function],
  },
  "Icon": Object {
    "$$typeof": Symbol(react.forward_ref),
    "defaultProps": Object {
      "backgroundColor": null,
      "className": "",
      "clearfix": false,
      "clipped": false,
      "hidden": false,
      "invisible": false,
      "italic": false,
      "marginless": false,
      "overlay": false,
      "paddingless": false,
      "pull": null,
      "radiusless": false,
      "renderAs": "span",
      "responsive": undefined,
      "shadowless": false,
      "textAlignment": null,
      "textColor": null,
      "textSize": null,
      "textTransform": null,
      "textWeight": null,
      "unselectable": false,
    },
    "propTypes": Object {
      "backgroundColor": [Function],
      "className": [Function],
      "clearfix": [Function],
      "clipped": [Function],
      "hidden": [Function],
      "invisible": [Function],
      "italic": [Function],
      "marginless": [Function],
      "overlay": [Function],
      "paddingless": [Function],
      "pull": [Function],
      "radiusless": [Function],
      "renderAs": [Function],
      "responsive": [Function],
      "shadowless": [Function],
      "textAlignment": [Function],
      "textColor": [Function],
      "textSize": [Function],
      "textTransform": [Function],
      "textWeight": [Function],
      "unselectable": [Function],
    },
    "render": [Function],
  },
  "Tabs": Object {
    "$$typeof": Symbol(react.forward_ref),
    "Tab": Object {
      "$$typeof": Symbol(react.forward_ref),
      "defaultProps": Object {
        "active": false,
        "backgroundColor": null,
        "className": "",
        "clearfix": false,
        "clipped": false,
        "hidden": false,
        "invisible": false,
        "italic": false,
        "marginless": false,
        "overlay": false,
        "paddingless": false,
        "pull": null,
        "radiusless": false,
        "renderAs": "a",
        "responsive": undefined,
        "shadowless": false,
        "textAlignment": null,
        "textColor": null,
        "textSize": null,
        "textTransform": null,
        "textWeight": null,
        "unselectable": false,
      },
      "propTypes": Object {
        "active": [Function],
        "backgroundColor": [Function],
        "className": [Function],
        "clearfix": [Function],
        "clipped": [Function],
        "hidden": [Function],
        "invisible": [Function],
        "italic": [Function],
        "marginless": [Function],
        "overlay": [Function],
        "paddingless": [Function],
        "pull": [Function],
        "radiusless": [Function],
        "renderAs": [Function],
        "responsive": [Function],
        "shadowless": [Function],
        "textAlignment": [Function],
        "textColor": [Function],
        "textSize": [Function],
        "textTransform": [Function],
        "textWeight": [Function],
        "unselectable": [Function],
      },
      "render": [Function],
    },
    "defaultProps": Object {
      "backgroundColor": null,
      "className": "",
      "clearfix": false,
      "clipped": false,
      "hidden": false,
      "invisible": false,
      "italic": false,
      "marginless": false,
      "overlay": false,
      "paddingless": false,
      "pull": null,
      "radiusless": false,
      "renderAs": "div",
      "responsive": undefined,
      "shadowless": false,
      "textAlignment": null,
      "textColor": null,
      "textSize": null,
      "textTransform": null,
      "textWeight": null,
      "unselectable": false,
    },
    "propTypes": Object {
      "backgroundColor": [Function],
      "className": [Function],
      "clearfix": [Function],
      "clipped": [Function],
      "hidden": [Function],
      "invisible": [Function],
      "italic": [Function],
      "marginless": [Function],
      "overlay": [Function],
      "paddingless": [Function],
      "pull": [Function],
      "radiusless": [Function],
      "renderAs": [Function],
      "responsive": [Function],
      "shadowless": [Function],
      "textAlignment": [Function],
      "textColor": [Function],
      "textSize": [Function],
      "textTransform": [Function],
      "textWeight": [Function],
      "unselectable": [Function],
    },
    "render": [Function],
  },
  "defaultProps": Object {
    "backgroundColor": null,
    "className": "",
    "clearfix": false,
    "clipped": false,
    "hidden": false,
    "invisible": false,
    "italic": false,
    "marginless": false,
    "overlay": false,
    "paddingless": false,
    "pull": null,
    "radiusless": false,
    "renderAs": "nav",
    "responsive": undefined,
    "shadowless": false,
    "textAlignment": null,
    "textColor": null,
    "textSize": null,
    "textTransform": null,
    "textWeight": null,
    "unselectable": false,
  },
  "propTypes": Object {
    "backgroundColor": [Function],
    "className": [Function],
    "clearfix": [Function],
    "clipped": [Function],
    "hidden": [Function],
    "invisible": [Function],
    "italic": [Function],
    "marginless": [Function],
    "overlay": [Function],
    "paddingless": [Function],
    "pull": [Function],
    "radiusless": [Function],
    "renderAs": [Function],
    "responsive": [Function],
    "shadowless": [Function],
    "textAlignment": [Function],
    "textColor": [Function],
    "textSize": [Function],
    "textTransform": [Function],
    "textWeight": [Function],
    "unselectable": [Function],
  },
  "render": [Function],
}
`;

exports[`Panel component Should have box classname 1`] = `
<nav
  className="panel"
  style={Object {}}
>
  <div
    className="panel-heading"
    style={Object {}}
  >
    repositories
  </div>
  <div
    className="panel-block"
    style={Object {}}
  >
    <div>
      Control
    </div>
  </div>
  <div
    className="panel-tabs panel-tabs"
    style={Object {}}
  >
    <a
      className="is-active"
      style={Object {}}
    >
      all
    </a>
    <a
      style={Object {}}
    >
      public
    </a>
    <a
      style={Object {}}
    >
      private
    </a>
    <a
      style={Object {}}
    >
      sources
    </a>
    <a
      style={Object {}}
    >
      forks
    </a>
  </div>
  <a
    className="panel-block is-active"
    style={Object {}}
  >
    <span
      className="panel-icon"
      style={Object {}}
    >
      <i
        className="fa fa-bars"
      />
    </span>
    bulma
  </a>
  <label
    className="panel-block panel-block"
    style={Object {}}
  >
    <input
      type="checkbox"
    />
    remember me
  </label>
  <div
    className="panel-block"
    style={Object {}}
  >
    <button
      type="button"
    >
      reset all filters
    </button>
  </div>
</nav>
`;
