// Jest Snapshot v1, https://goo.gl/fbAQLP

exports[`Input file component should render 1`] = `
<DocumentFragment>
  <div
    class="file"
  >
    <label
      class="file-label"
    >
      <input
        class="file-input"
        data-testid="file-input"
        name=""
        type="file"
        value=""
      />
      <span
        class="file-cta"
      >
        <span
          class="file-label"
        >
          Choose a file...
        </span>
      </span>
    </label>
  </div>
</DocumentFragment>
`;
