// Jest Snapshot v1, https://goo.gl/fbAQLP

exports[`Input file component should Exist 1`] = `
Object {
  "$$typeof": Symbol(react.forward_ref),
  "defaultProps": Object {
    "backgroundColor": null,
    "boxed": false,
    "className": "",
    "clearfix": false,
    "clipped": false,
    "color": null,
    "fullWidth": false,
    "hasName": true,
    "hidden": false,
    "icon": null,
    "invisible": false,
    "italic": false,
    "label": "Choose a file...",
    "marginless": false,
    "name": "",
    "onChange": [Function],
    "overlay": false,
    "paddingless": false,
    "pull": null,
    "radiusless": false,
    "responsive": undefined,
    "right": false,
    "shadowless": false,
    "size": null,
    "style": Object {},
    "textAlignment": null,
    "textColor": null,
    "textSize": null,
    "textTransform": null,
    "textWeight": null,
    "unselectable": false,
  },
  "propTypes": Object {
    "backgroundColor": [Function],
    "boxed": [Function],
    "className": [Function],
    "clearfix": [Function],
    "clipped": [Function],
    "color": [Function],
    "fullWidth": [Function],
    "hasName": [Function],
    "hidden": [Function],
    "icon": [Function],
    "invisible": [Function],
    "italic": [Function],
    "label": [Function],
    "marginless": [Function],
    "name": [Function],
    "onChange": [Function],
    "overlay": [Function],
    "paddingless": [Function],
    "pull": [Function],
    "radiusless": [Function],
    "responsive": [Function],
    "right": [Function],
    "shadowless": [Function],
    "size": [Function],
    "style": [Function],
    "textAlignment": [Function],
    "textColor": [Function],
    "textSize": [Function],
    "textTransform": [Function],
    "textWeight": [Function],
    "unselectable": [Function],
  },
  "render": [Function],
}
`;

exports[`Input file component should render file input tree 1`] = `
<DocumentFragment>
  <div
    class="file"
  >
    <label
      class="file-label"
    >
      <input
        class="file-input"
        data-testid="file-input"
        name=""
        type="file"
        value=""
      />
      <span
        class="file-cta"
      >
        <span
          class="file-label"
        >
          Choose a file...
        </span>
      </span>
    </label>
  </div>
</DocumentFragment>
`;
