// Jest Snapshot v1, https://goo.gl/fbAQLP

exports[`Form component Should expose all Form elements 1`] = `
Object {
  "Checkbox": Object {
    "$$typeof": Symbol(react.forward_ref),
    "defaultProps": Object {
      "backgroundColor": null,
      "checked": false,
      "children": null,
      "className": "",
      "clearfix": false,
      "clipped": false,
      "color": null,
      "disabled": false,
      "hidden": false,
      "indeterminate": false,
      "invisible": false,
      "italic": false,
      "marginless": false,
      "name": null,
      "overlay": false,
      "paddingless": false,
      "pull": null,
      "radiusless": false,
      "responsive": undefined,
      "shadowless": false,
      "size": null,
      "style": Object {},
      "textAlignment": null,
      "textColor": null,
      "textSize": null,
      "textTransform": null,
      "textWeight": null,
      "unselectable": false,
      "value": "",
    },
    "propTypes": Object {
      "backgroundColor": [Function],
      "checked": [Function],
      "children": [Function],
      "className": [Function],
      "clearfix": [Function],
      "clipped": [Function],
      "color": [Function],
      "disabled": [Function],
      "hidden": [Function],
      "indeterminate": [Function],
      "invisible": [Function],
      "italic": [Function],
      "marginless": [Function],
      "name": [Function],
      "overlay": [Function],
      "paddingless": [Function],
      "pull": [Function],
      "radiusless": [Function],
      "responsive": [Function],
      "shadowless": [Function],
      "size": [Function],
      "style": [Function],
      "textAlignment": [Function],
      "textColor": [Function],
      "textSize": [Function],
      "textTransform": [Function],
      "textWeight": [Function],
      "unselectable": [Function],
      "value": [Function],
    },
    "render": [Function],
  },
  "Control": Object {
    "$$typeof": Symbol(react.forward_ref),
    "defaultProps": Object {
      "backgroundColor": null,
      "children": null,
      "className": "",
      "clearfix": false,
      "clipped": false,
      "fullwidth": false,
      "hidden": false,
      "iconLeft": false,
      "iconRight": false,
      "invisible": false,
      "italic": false,
      "loading": false,
      "marginless": false,
      "overlay": false,
      "paddingless": false,
      "pull": null,
      "radiusless": false,
      "renderAs": "div",
      "responsive": undefined,
      "shadowless": false,
      "size": null,
      "style": Object {},
      "textAlignment": null,
      "textColor": null,
      "textSize": null,
      "textTransform": null,
      "textWeight": null,
      "unselectable": false,
    },
    "propTypes": Object {
      "backgroundColor": [Function],
      "children": [Function],
      "className": [Function],
      "clearfix": [Function],
      "clipped": [Function],
      "fullwidth": [Function],
      "hidden": [Function],
      "iconLeft": [Function],
      "iconRight": [Function],
      "invisible": [Function],
      "italic": [Function],
      "loading": [Function],
      "marginless": [Function],
      "overlay": [Function],
      "paddingless": [Function],
      "pull": [Function],
      "radiusless": [Function],
      "renderAs": [Function],
      "responsive": [Function],
      "shadowless": [Function],
      "size": [Function],
      "style": [Function],
      "textAlignment": [Function],
      "textColor": [Function],
      "textSize": [Function],
      "textTransform": [Function],
      "textWeight": [Function],
      "unselectable": [Function],
    },
    "render": [Function],
  },
  "Field": [Function],
  "Help": Object {
    "$$typeof": Symbol(react.forward_ref),
    "defaultProps": Object {
      "backgroundColor": null,
      "children": null,
      "className": "",
      "clearfix": false,
      "clipped": false,
      "color": null,
      "hidden": false,
      "invisible": false,
      "italic": false,
      "marginless": false,
      "overlay": false,
      "paddingless": false,
      "pull": null,
      "radiusless": false,
      "renderAs": "p",
      "responsive": undefined,
      "shadowless": false,
      "textAlignment": null,
      "textColor": null,
      "textSize": null,
      "textTransform": null,
      "textWeight": null,
      "unselectable": false,
    },
    "propTypes": Object {
      "backgroundColor": [Function],
      "children": [Function],
      "className": [Function],
      "clearfix": [Function],
      "clipped": [Function],
      "color": [Function],
      "hidden": [Function],
      "invisible": [Function],
      "italic": [Function],
      "marginless": [Function],
      "overlay": [Function],
      "paddingless": [Function],
      "pull": [Function],
      "radiusless": [Function],
      "responsive": [Function],
      "shadowless": [Function],
      "textAlignment": [Function],
      "textColor": [Function],
      "textSize": [Function],
      "textTransform": [Function],
      "textWeight": [Function],
      "unselectable": [Function],
    },
    "render": [Function],
  },
  "Input": Object {
    "$$typeof": Symbol(react.forward_ref),
    "defaultProps": Object {
      "backgroundColor": null,
      "className": "",
      "clearfix": false,
      "clipped": false,
      "color": null,
      "disabled": false,
      "hidden": false,
      "invisible": false,
      "isStatic": false,
      "italic": false,
      "marginless": false,
      "name": "",
      "overlay": false,
      "paddingless": false,
      "placeholder": "",
      "pull": null,
      "radiusless": false,
      "readOnly": false,
      "responsive": undefined,
      "shadowless": false,
      "size": null,
      "style": Object {},
      "textAlignment": null,
      "textColor": null,
      "textSize": null,
      "textTransform": null,
      "textWeight": null,
      "type": "text",
      "unselectable": false,
      "value": "",
    },
    "propTypes": Object {
      "backgroundColor": [Function],
      "className": [Function],
      "clearfix": [Function],
      "clipped": [Function],
      "color": [Function],
      "disabled": [Function],
      "hidden": [Function],
      "invisible": [Function],
      "isStatic": [Function],
      "italic": [Function],
      "marginless": [Function],
      "name": [Function],
      "overlay": [Function],
      "paddingless": [Function],
      "placeholder": [Function],
      "pull": [Function],
      "radiusless": [Function],
      "readOnly": [Function],
      "responsive": [Function],
      "shadowless": [Function],
      "size": [Function],
      "style": [Function],
      "textAlignment": [Function],
      "textColor": [Function],
      "textSize": [Function],
      "textTransform": [Function],
      "textWeight": [Function],
      "type": [Function],
      "unselectable": [Function],
      "value": [Function],
    },
    "render": [Function],
  },
  "InputFile": [Function],
  "Label": Object {
    "$$typeof": Symbol(react.forward_ref),
    "defaultProps": Object {
      "backgroundColor": null,
      "children": null,
      "className": "",
      "clearfix": false,
      "clipped": false,
      "hidden": false,
      "htmlFor": null,
      "invisible": false,
      "italic": false,
      "marginless": false,
      "overlay": false,
      "paddingless": false,
      "pull": null,
      "radiusless": false,
      "responsive": undefined,
      "shadowless": false,
      "size": null,
      "style": Object {},
      "textAlignment": null,
      "textColor": null,
      "textSize": null,
      "textTransform": null,
      "textWeight": null,
      "unselectable": false,
    },
    "propTypes": Object {
      "backgroundColor": [Function],
      "children": [Function],
      "className": [Function],
      "clearfix": [Function],
      "clipped": [Function],
      "hidden": [Function],
      "htmlFor": [Function],
      "invisible": [Function],
      "italic": [Function],
      "marginless": [Function],
      "overlay": [Function],
      "paddingless": [Function],
      "pull": [Function],
      "radiusless": [Function],
      "responsive": [Function],
      "shadowless": [Function],
      "size": [Function],
      "style": [Function],
      "textAlignment": [Function],
      "textColor": [Function],
      "textSize": [Function],
      "textTransform": [Function],
      "textWeight": [Function],
      "unselectable": [Function],
    },
    "render": [Function],
  },
  "Radio": Object {
    "$$typeof": Symbol(react.forward_ref),
    "defaultProps": Object {
      "backgroundColor": null,
      "checked": false,
      "children": null,
      "className": "",
      "clearfix": false,
      "clipped": false,
      "color": null,
      "disabled": false,
      "hidden": false,
      "invisible": false,
      "italic": false,
      "marginless": false,
      "name": null,
      "overlay": false,
      "paddingless": false,
      "pull": null,
      "radiusless": false,
      "responsive": undefined,
      "shadowless": false,
      "size": null,
      "style": Object {},
      "textAlignment": null,
      "textColor": null,
      "textSize": null,
      "textTransform": null,
      "textWeight": null,
      "unselectable": false,
      "value": "",
    },
    "propTypes": Object {
      "backgroundColor": [Function],
      "checked": [Function],
      "children": [Function],
      "className": [Function],
      "clearfix": [Function],
      "clipped": [Function],
      "color": [Function],
      "disabled": [Function],
      "hidden": [Function],
      "invisible": [Function],
      "italic": [Function],
      "marginless": [Function],
      "name": [Function],
      "overlay": [Function],
      "paddingless": [Function],
      "pull": [Function],
      "radiusless": [Function],
      "responsive": [Function],
      "shadowless": [Function],
      "size": [Function],
      "style": [Function],
      "textAlignment": [Function],
      "textColor": [Function],
      "textSize": [Function],
      "textTransform": [Function],
      "textWeight": [Function],
      "unselectable": [Function],
      "value": [Function],
    },
    "render": [Function],
  },
  "Select": Object {
    "$$typeof": Symbol(react.forward_ref),
    "defaultProps": Object {
      "backgroundColor": null,
      "children": null,
      "className": "",
      "clearfix": false,
      "clipped": false,
      "color": null,
      "disabled": false,
      "empty": false,
      "hidden": false,
      "invisible": false,
      "italic": false,
      "loading": false,
      "marginless": false,
      "multiple": false,
      "name": "",
      "overlay": false,
      "paddingless": false,
      "pull": null,
      "radiusless": false,
      "readOnly": false,
      "responsive": undefined,
      "rounded": false,
      "shadowless": false,
      "size": null,
      "style": Object {},
      "textAlignment": null,
      "textColor": null,
      "textSize": null,
      "textTransform": null,
      "textWeight": null,
      "unselectable": false,
      "value": "",
    },
    "propTypes": Object {
      "backgroundColor": [Function],
      "children": [Function],
      "className": [Function],
      "clearfix": [Function],
      "clipped": [Function],
      "color": [Function],
      "disabled": [Function],
      "empty": [Function],
      "hidden": [Function],
      "invisible": [Function],
      "italic": [Function],
      "loading": [Function],
      "marginless": [Function],
      "multiple": [Function],
      "name": [Function],
      "overlay": [Function],
      "paddingless": [Function],
      "pull": [Function],
      "radiusless": [Function],
      "readOnly": [Function],
      "responsive": [Function],
      "rounded": [Function],
      "shadowless": [Function],
      "size": [Function],
      "style": [Function],
      "textAlignment": [Function],
      "textColor": [Function],
      "textSize": [Function],
      "textTransform": [Function],
      "textWeight": [Function],
      "unselectable": [Function],
      "value": [Function],
    },
    "render": [Function],
  },
  "Switch": [Function],
  "Textarea": Object {
    "$$typeof": Symbol(react.forward_ref),
    "defaultProps": Object {
      "backgroundColor": null,
      "className": "",
      "clearfix": false,
      "clipped": false,
      "color": null,
      "disabled": false,
      "hidden": false,
      "invisible": false,
      "italic": false,
      "marginless": false,
      "name": "",
      "overlay": false,
      "paddingless": false,
      "placeholder": "",
      "pull": null,
      "radiusless": false,
      "readOnly": false,
      "responsive": undefined,
      "rows": 4,
      "shadowless": false,
      "size": null,
      "style": Object {},
      "textAlignment": null,
      "textColor": null,
      "textSize": null,
      "textTransform": null,
      "textWeight": null,
      "unselectable": false,
      "value": "",
    },
    "propTypes": Object {
      "backgroundColor": [Function],
      "className": [Function],
      "clearfix": [Function],
      "clipped": [Function],
      "color": [Function],
      "disabled": [Function],
      "hidden": [Function],
      "invisible": [Function],
      "italic": [Function],
      "marginless": [Function],
      "name": [Function],
      "overlay": [Function],
      "paddingless": [Function],
      "placeholder": [Function],
      "pull": [Function],
      "radiusless": [Function],
      "readOnly": [Function],
      "responsive": [Function],
      "rows": [Function],
      "shadowless": [Function],
      "size": [Function],
      "style": [Function],
      "textAlignment": [Function],
      "textColor": [Function],
      "textSize": [Function],
      "textTransform": [Function],
      "textWeight": [Function],
      "unselectable": [Function],
      "value": [Function],
    },
    "render": [Function],
  },
  "switchStateHook": [Function],
}
`;
