// Jest Snapshot v1, https://goo.gl/fbAQLP

exports[`Panel component Should Exist 1`] = `
Object {
  "$$typeof": Symbol(react.forward_ref),
  "Block": Object {
    "$$typeof": Symbol(react.forward_ref),
    "defaultProps": Object {
      "active": false,
      "backgroundColor": undefined,
      "className": "",
      "clearfix": undefined,
      "clipped": undefined,
      "hidden": undefined,
      "invisible": undefined,
      "italic": undefined,
      "marginless": undefined,
      "overlay": undefined,
      "paddingless": undefined,
      "pull": undefined,
      "radiusless": undefined,
      "renderAs": "div",
      "responsive": undefined,
      "shadowless": undefined,
      "textAlignment": undefined,
      "textColor": undefined,
      "textSize": undefined,
      "textTransform": undefined,
      "textWeight": undefined,
      "unselectable": undefined,
    },
    "propTypes": Object {
      "active": [Function],
      "backgroundColor": [Function],
      "className": [Function],
      "clearfix": [Function],
      "clipped": [Function],
      "hidden": [Function],
      "invisible": [Function],
      "italic": [Function],
      "marginless": [Function],
      "overlay": [Function],
      "paddingless": [Function],
      "pull": [Function],
      "radiusless": [Function],
      "renderAs": [Function],
      "responsive": [Function],
      "shadowless": [Function],
      "textAlignment": [Function],
      "textColor": [Function],
      "textSize": [Function],
      "textTransform": [Function],
      "textWeight": [Function],
      "unselectable": [Function],
    },
    "render": [Function],
  },
  "Header": Object {
    "$$typeof": Symbol(react.forward_ref),
    "defaultProps": Object {
      "backgroundColor": undefined,
      "className": "",
      "clearfix": undefined,
      "clipped": undefined,
      "hidden": undefined,
      "invisible": undefined,
      "italic": undefined,
      "marginless": undefined,
      "overlay": undefined,
      "paddingless": undefined,
      "pull": undefined,
      "radiusless": undefined,
      "renderAs": "div",
      "responsive": undefined,
      "shadowless": undefined,
      "textAlignment": undefined,
      "textColor": undefined,
      "textSize": undefined,
      "textTransform": undefined,
      "textWeight": undefined,
      "unselectable": undefined,
    },
    "propTypes": Object {
      "backgroundColor": [Function],
      "className": [Function],
      "clearfix": [Function],
      "clipped": [Function],
      "hidden": [Function],
      "invisible": [Function],
      "italic": [Function],
      "marginless": [Function],
      "overlay": [Function],
      "paddingless": [Function],
      "pull": [Function],
      "radiusless": [Function],
      "renderAs": [Function],
      "responsive": [Function],
      "shadowless": [Function],
      "textAlignment": [Function],
      "textColor": [Function],
      "textSize": [Function],
      "textTransform": [Function],
      "textWeight": [Function],
      "unselectable": [Function],
    },
    "render": [Function],
  },
  "Icon": Object {
    "$$typeof": Symbol(react.forward_ref),
    "defaultProps": Object {
      "backgroundColor": undefined,
      "className": "",
      "clearfix": undefined,
      "clipped": undefined,
      "hidden": undefined,
      "invisible": undefined,
      "italic": undefined,
      "marginless": undefined,
      "overlay": undefined,
      "paddingless": undefined,
      "pull": undefined,
      "radiusless": undefined,
      "renderAs": "span",
      "responsive": undefined,
      "shadowless": undefined,
      "textAlignment": undefined,
      "textColor": undefined,
      "textSize": undefined,
      "textTransform": undefined,
      "textWeight": undefined,
      "unselectable": undefined,
    },
    "propTypes": Object {
      "backgroundColor": [Function],
      "className": [Function],
      "clearfix": [Function],
      "clipped": [Function],
      "hidden": [Function],
      "invisible": [Function],
      "italic": [Function],
      "marginless": [Function],
      "overlay": [Function],
      "paddingless": [Function],
      "pull": [Function],
      "radiusless": [Function],
      "renderAs": [Function],
      "responsive": [Function],
      "shadowless": [Function],
      "textAlignment": [Function],
      "textColor": [Function],
      "textSize": [Function],
      "textTransform": [Function],
      "textWeight": [Function],
      "unselectable": [Function],
    },
    "render": [Function],
  },
  "Tabs": Object {
    "$$typeof": Symbol(react.forward_ref),
    "Tab": Object {
      "$$typeof": Symbol(react.forward_ref),
      "defaultProps": Object {
        "active": false,
        "backgroundColor": undefined,
        "className": "",
        "clearfix": undefined,
        "clipped": undefined,
        "hidden": undefined,
        "invisible": undefined,
        "italic": undefined,
        "marginless": undefined,
        "overlay": undefined,
        "paddingless": undefined,
        "pull": undefined,
        "radiusless": undefined,
        "renderAs": "a",
        "responsive": undefined,
        "shadowless": undefined,
        "textAlignment": undefined,
        "textColor": undefined,
        "textSize": undefined,
        "textTransform": undefined,
        "textWeight": undefined,
        "unselectable": undefined,
      },
      "propTypes": Object {
        "active": [Function],
        "backgroundColor": [Function],
        "className": [Function],
        "clearfix": [Function],
        "clipped": [Function],
        "hidden": [Function],
        "invisible": [Function],
        "italic": [Function],
        "marginless": [Function],
        "overlay": [Function],
        "paddingless": [Function],
        "pull": [Function],
        "radiusless": [Function],
        "renderAs": [Function],
        "responsive": [Function],
        "shadowless": [Function],
        "textAlignment": [Function],
        "textColor": [Function],
        "textSize": [Function],
        "textTransform": [Function],
        "textWeight": [Function],
        "unselectable": [Function],
      },
      "render": [Function],
    },
    "defaultProps": Object {
      "backgroundColor": undefined,
      "className": "",
      "clearfix": undefined,
      "clipped": undefined,
      "hidden": undefined,
      "invisible": undefined,
      "italic": undefined,
      "marginless": undefined,
      "overlay": undefined,
      "paddingless": undefined,
      "pull": undefined,
      "radiusless": undefined,
      "renderAs": "div",
      "responsive": undefined,
      "shadowless": undefined,
      "textAlignment": undefined,
      "textColor": undefined,
      "textSize": undefined,
      "textTransform": undefined,
      "textWeight": undefined,
      "unselectable": undefined,
    },
    "propTypes": Object {
      "backgroundColor": [Function],
      "className": [Function],
      "clearfix": [Function],
      "clipped": [Function],
      "hidden": [Function],
      "invisible": [Function],
      "italic": [Function],
      "marginless": [Function],
      "overlay": [Function],
      "paddingless": [Function],
      "pull": [Function],
      "radiusless": [Function],
      "renderAs": [Function],
      "responsive": [Function],
      "shadowless": [Function],
      "textAlignment": [Function],
      "textColor": [Function],
      "textSize": [Function],
      "textTransform": [Function],
      "textWeight": [Function],
      "unselectable": [Function],
    },
    "render": [Function],
  },
  "defaultProps": Object {
    "backgroundColor": undefined,
    "className": "",
    "clearfix": undefined,
    "clipped": undefined,
    "hidden": undefined,
    "invisible": undefined,
    "italic": undefined,
    "marginless": undefined,
    "overlay": undefined,
    "paddingless": undefined,
    "pull": undefined,
    "radiusless": undefined,
    "renderAs": "nav",
    "responsive": undefined,
    "shadowless": undefined,
    "textAlignment": undefined,
    "textColor": undefined,
    "textSize": undefined,
    "textTransform": undefined,
    "textWeight": undefined,
    "unselectable": undefined,
  },
  "propTypes": Object {
    "backgroundColor": [Function],
    "className": [Function],
    "clearfix": [Function],
    "clipped": [Function],
    "hidden": [Function],
    "invisible": [Function],
    "italic": [Function],
    "marginless": [Function],
    "overlay": [Function],
    "paddingless": [Function],
    "pull": [Function],
    "radiusless": [Function],
    "renderAs": [Function],
    "responsive": [Function],
    "shadowless": [Function],
    "textAlignment": [Function],
    "textColor": [Function],
    "textSize": [Function],
    "textTransform": [Function],
    "textWeight": [Function],
    "unselectable": [Function],
  },
  "render": [Function],
}
`;

exports[`Panel component Should have box classname 1`] = `
<nav
  className="panel"
>
  <div
    className="panel-heading"
  >
    repositories
  </div>
  <div
    className="panel-block"
  >
    <div>
      Control
    </div>
  </div>
  <div
    className="panel-tabs panel-tabs"
  >
    <a
      className="is-active"
    >
      all
    </a>
    <a>
      public
    </a>
    <a>
      private
    </a>
    <a>
      sources
    </a>
    <a>
      forks
    </a>
  </div>
  <a
    className="panel-block is-active"
  >
    <span
      className="panel-icon"
    >
      <i
        className="fa fa-bars"
      />
    </span>
    bulma
  </a>
  <label
    className="panel-block panel-block"
  >
    <input
      type="checkbox"
    />
    remember me
  </label>
  <div
    className="panel-block"
  >
    <button
      type="button"
    >
      reset all filters
    </button>
  </div>
</nav>
`;
