// Jest Snapshot v1, https://goo.gl/fbAQLP

exports[`Element component Should Exist 1`] = `
Object {
  "$$typeof": Symbol(react.forward_ref),
  "defaultProps": Object {
    "backgroundColor": undefined,
    "className": undefined,
    "clearfix": undefined,
    "clipped": undefined,
    "hidden": undefined,
    "invisible": undefined,
    "italic": undefined,
    "marginless": undefined,
    "overlay": undefined,
    "paddingless": undefined,
    "pull": undefined,
    "radiusless": undefined,
    "renderAs": "div",
    "responsive": undefined,
    "shadowless": undefined,
    "style": undefined,
    "textAlignment": undefined,
    "textColor": undefined,
    "textSize": undefined,
    "textTransform": undefined,
    "textWeight": undefined,
    "unselectable": undefined,
  },
  "propTypes": Object {
    "backgroundColor": [Function],
    "className": [Function],
    "clearfix": [Function],
    "clipped": [Function],
    "hidden": [Function],
    "invisible": [Function],
    "italic": [Function],
    "marginless": [Function],
    "overlay": [Function],
    "paddingless": [Function],
    "pull": [Function],
    "radiusless": [Function],
    "renderAs": [Function],
    "responsive": [Function],
    "shadowless": [Function],
    "textAlignment": [Function],
    "textColor": [Function],
    "textSize": [Function],
    "textTransform": [Function],
    "textWeight": [Function],
    "unselectable": [Function],
  },
  "render": [Function],
}
`;

exports[`Element component Should accept a react Element as renderAs prop 1`] = `
<p>
  Custom
  This should be a p element
</p>
`;

exports[`Element component Should have helpers classnames 1`] = `
<div
  className="is-pulled-left has-text-white"
>
  Facebook
</div>
`;
